// Jest Snapshot v1, https://goo.gl/fbAQLP

exports[`newPassword New password 1`] = `
<ForgotPassContainer>
  <Styled(MuiBox)
    className="logoContainerStyle"
    display="flex"
    flexDirection="row"
    justifyContent="space-between"
  >
    <Link
      replace={false}
      to="/ForgotPassword"
    >
      <Memo(ForwardRef(ArrowBackIcon)) />
    </Link>
    <Link
      replace={false}
      to="/LandingPage"
    >
      <img
        alt="Logo"
        className="logoImgStyle"
        src={
          Object {
            "testUri": "../../../packages/blocks/email-account-registration/assets/logo.png",
          }
        }
      />
    </Link>
  </Styled(MuiBox)>
  <Styled(MuiBox)
    className="verificationForm"
  >
    <ForgotPassHeader
      paragraph="Please set your new password, making sure it contains at least one uppercase letter, one lowercase letter, one number, and one special character for security"
      title="Reset password"
    />
    <Styled(MuiBox)
      display="flex"
      id="newPasswordForm"
    >
      <Formik
        initialValues={
          Object {
            "confirmpassword": "",
            "password": "",
          }
        }
        onSubmit={[Function]}
        validationSchema={
          ObjectSchema {
            "_blacklist": RefSet {
              "list": Set {},
              "refs": Map {},
            },
            "_conditions": Array [],
            "_defaultDefault": [Function],
            "_deps": Array [],
            "_excludedEdges": Array [],
            "_exclusive": Object {},
            "_mutate": undefined,
            "_nodes": Array [
              "password",
              "confirmpassword",
            ],
            "_options": Object {
              "abortEarly": true,
              "recursive": true,
            },
            "_type": "object",
            "_typeError": [Function],
            "_whitelist": RefSet {
              "list": Set {},
              "refs": Map {},
            },
            "fields": Object {
              "confirmpassword": StringSchema {
                "_blacklist": RefSet {
                  "list": Set {},
                  "refs": Map {},
                },
                "_conditions": Array [
                  Condition {
                    "fn": [Function],
                    "refs": Array [
                      Reference {
                        "getter": [Function],
                        "isContext": false,
                        "isSibling": true,
                        "isValue": false,
                        "key": "password",
                        "map": undefined,
                        "path": "password",
                      },
                    ],
                  },
                ],
                "_deps": Array [
                  "password",
                ],
                "_exclusive": Object {
                  "required": true,
                },
                "_mutate": undefined,
                "_options": Object {
                  "abortEarly": true,
                  "recursive": true,
                },
                "_type": "string",
                "_typeError": [Function],
                "_whitelist": RefSet {
                  "list": Set {},
                  "refs": Map {},
                },
                "tests": Array [
                  [Function],
                ],
                "transforms": Array [
                  [Function],
                ],
                "type": "string",
              },
              "password": StringSchema {
                "_blacklist": RefSet {
                  "list": Set {},
                  "refs": Map {},
                },
                "_conditions": Array [],
                "_deps": Array [],
                "_exclusive": Object {
                  "required": true,
                },
                "_mutate": undefined,
                "_options": Object {
                  "abortEarly": true,
                  "recursive": true,
                },
                "_type": "string",
                "_typeError": [Function],
                "_whitelist": RefSet {
                  "list": Set {},
                  "refs": Map {},
                },
                "tests": Array [
                  [Function],
                ],
                "transforms": Array [
                  [Function],
                ],
                "type": "string",
              },
            },
            "tests": Array [],
            "transforms": Array [
              [Function],
            ],
            "type": "object",
          }
        }
      >
        <Component />
      </Formik>
    </Styled(MuiBox)>
  </Styled(MuiBox)>
</ForgotPassContainer>
`;
