// Jest Snapshot v1, https://goo.gl/fbAQLP

exports[`forgotpassword Forgot password 1`] = `
<ForgotPassContainer>
  <Styled(MuiBox)
    className="logoContainerStyle"
    display="flex"
    flexDirection="row"
    justifyContent="space-between"
  >
    <Link
      replace={false}
      to="/EmailAccountLogin"
    >
      <Memo(ForwardRef(ArrowBackIcon)) />
    </Link>
    <Link
      replace={false}
      to="/LandingPage"
    >
      <img
        alt="Logo"
        className="logoImgStyle"
        src={
          Object {
            "testUri": "../../../packages/blocks/email-account-registration/assets/logo.png",
          }
        }
      />
    </Link>
  </Styled(MuiBox)>
  <Styled(MuiBox)
    className="contentForm"
  >
    <ForgotPassHeader
      paragraph="Enter your Registered email address to receive the OTP."
      title="Forgot Password?"
    />
    <Styled(MuiBox)
      display="flex"
      style={
        Object {
          "boxSizing": "border-box",
        }
      }
    >
      <Formik
        initialValues={
          Object {
            "email": "",
          }
        }
        onSubmit={[Function]}
        validationSchema={
          ObjectSchema {
            "_blacklist": RefSet {
              "list": Set {},
              "refs": Map {},
            },
            "_conditions": Array [],
            "_defaultDefault": [Function],
            "_deps": Array [],
            "_excludedEdges": Array [],
            "_exclusive": Object {},
            "_mutate": undefined,
            "_nodes": Array [
              "email",
            ],
            "_options": Object {
              "abortEarly": true,
              "recursive": true,
            },
            "_type": "object",
            "_typeError": [Function],
            "_whitelist": RefSet {
              "list": Set {},
              "refs": Map {},
            },
            "fields": Object {
              "email": StringSchema {
                "_blacklist": RefSet {
                  "list": Set {},
                  "refs": Map {},
                },
                "_conditions": Array [],
                "_deps": Array [],
                "_exclusive": Object {
                  "email": false,
                  "required": true,
                },
                "_mutate": undefined,
                "_options": Object {
                  "abortEarly": true,
                  "recursive": true,
                },
                "_type": "string",
                "_typeError": [Function],
                "_whitelist": RefSet {
                  "list": Set {},
                  "refs": Map {},
                },
                "tests": Array [
                  [Function],
                  [Function],
                ],
                "transforms": Array [
                  [Function],
                ],
                "type": "string",
              },
            },
            "tests": Array [],
            "transforms": Array [
              [Function],
            ],
            "type": "object",
          }
        }
      >
        <Component />
      </Formik>
    </Styled(MuiBox)>
  </Styled(MuiBox)>
</ForgotPassContainer>
`;
